// Jest Snapshot v1, https://goo.gl/fbAQLP

exports[`LoadingAnimation renders correctly 1`] = `
<div
  className="css-r1s0tf"
>
  <div />
  <div />
</div>
`;
