// Jest Snapshot v1, https://goo.gl/fbAQLP

exports[`LoadingAnimation renders correctly 1`] = `
<div
  className="loading-ripple css-d1eztt"
>
  <div />
  <div />
</div>
`;
